// Jest Snapshot v1, https://goo.gl/fbAQLP

exports[`snapshot tests returns correct state after SET_NAME action 1`] = `
Object {
  "error": null,
  "isAuth": true,
  "loading": false,
  "user": "test",
}
`;
